
> react-example@0.0.0 build
> vite build && esbuild server.ts --bundle --platform=node --format=cjs --packages=external --sourcemap --outfile=dist/server.cjs

vite v6.4.3 building for production...
transforming...
✓ 2862 modules transformed.
rendering chunks...
computing gzip size...
dist/index.html                     1.15 kB │ gzip:   0.50 kB
dist/assets/index-YUeagxau.css     61.38 kB │ gzip:  10.87 kB
dist/assets/index-BgEpZtzK.js   1,476.64 kB │ gzip: 364.22 kB

(!) Some chunks are larger than 500 kB after minification. Consider:
- Using dynamic import() to code-split the application
- Use build.rollupOptions.output.manualChunks to improve chunking: https://rollupjs.org/configuration-options/#output-manualchunks
- Adjust chunk size limit for this warning via build.chunkSizeWarningLimit.
✓ built in 8.67s

  dist/server.cjs      10.8kb
  dist/server.cjs.map  15.7kb

⚡ Done in 8ms
